// push constant 20
@20
D=A
@SP
A=M
M=D
@SP
M=M+1
// push constant 22
@22
D=A
@SP
A=M
M=D
@SP
M=M+1
// add
@SP
AM=M-1
D=M
A=A-1
M=D+M
// push constant 100
@100
D=A
@SP
A=M
M=D
@SP
M=M+1
// sub
@SP
AM=M-1
D=M
A=A-1
M=M-D
// neg
@SP
A=M-1
M=-M
