0000000000000011
1110110000010000
0000000000000100
1110011111001000
0000000000010000
1110001100001000
0000000000001000
1110101010000111
0000000000010000
1111110111001000
0000000000001010
1110110000010000
0000000000000010
1110001100000001
0000000000010000
1110101010001000
0000000000001110
1110101010000111
