// push constant 0
@0
D=A
@SP
A=M
M=D
@SP
M=M+1
// not
@SP
A=M-1
M=!M
// push constant 8
@8
D=A
@SP
A=M
M=D
@SP
M=M+1
// push constant 9
@9
D=A
@SP
A=M
M=D
@SP
M=M+1
// and
@SP
AM=M-1
D=M
A=A-1
M=D&M
// push constant 8
@8
D=A
@SP
A=M
M=D
@SP
M=M+1
// push constant 2
@2
D=A
@SP
A=M
M=D
@SP
M=M+1
// or
@SP
AM=M-1
D=M
A=A-1
M=D|M
